python : WARNING:port_utils:Killing stale process python.exe (PID 37012) on port 8996
At line:1 char:1
+ python sensorDetector.py 2> errors.txt
+ ~~~~~~~~~~~~~~~~~~~~~~~~~~~~~~~~~~~~~~
    + CategoryInfo          : NotSpecified: (WARNING:port_ut...2) on port 8996:String) [], RemoteException
    + FullyQualifiedErrorId : NativeCommandError
 
INFO:websockets.server:server listening on 127.0.0.1:8996
INFO:SensorDetector:Advanced Sensors Detector running on ws://127.0.0.1:8996
